  Determining projects to restore...
  All projects are up-to-date for restore.
d:\Semester_8_SP26\PRN232\Project\SmartRecruit\SmartRecruit.WebPortal\Pages\Jobs\JobDetail.cshtml(14,6): error RZ1025: The "div" element was not closed.  All elements must be either self-closing or have a matching end tag. [d:\Semester_8_SP26\PRN232\Project\SmartRecruit\SmartRecruit.WebPortal\SmartRecruit.WebPortal.csproj]
d:\Semester_8_SP26\PRN232\Project\SmartRecruit\SmartRecruit.WebPortal\Pages\Jobs\JobDetail.cshtml(152,26): error RZ1034: Found a malformed 'form' tag helper. Tag helpers must have a start and end tag or be self closing. [d:\Semester_8_SP26\PRN232\Project\SmartRecruit\SmartRecruit.WebPortal\SmartRecruit.WebPortal.csproj]
d:\Semester_8_SP26\PRN232\Project\SmartRecruit\SmartRecruit.WebPortal\Pages\Jobs\JobDetail.cshtml(230,27): error RZ1034: Found a malformed 'form' tag helper. Tag helpers must have a start and end tag or be self closing. [d:\Semester_8_SP26\PRN232\Project\SmartRecruit\SmartRecruit.WebPortal\SmartRecruit.WebPortal.csproj]
d:\Semester_8_SP26\PRN232\Project\SmartRecruit\SmartRecruit.WebPortal\Pages\Jobs\JobDetail.cshtml(258,15): error RZ1026: Encountered end tag "div" with no matching start tag.  Are your start/end tags properly balanced? [d:\Semester_8_SP26\PRN232\Project\SmartRecruit\SmartRecruit.WebPortal\SmartRecruit.WebPortal.csproj]
d:\Semester_8_SP26\PRN232\Project\SmartRecruit\SmartRecruit.WebPortal\Pages\Jobs\JobDetail.cshtml(421,11): error RZ1026: Encountered end tag "div" with no matching start tag.  Are your start/end tags properly balanced? [d:\Semester_8_SP26\PRN232\Project\SmartRecruit\SmartRecruit.WebPortal\SmartRecruit.WebPortal.csproj]
d:\Semester_8_SP26\PRN232\Project\SmartRecruit\SmartRecruit.WebPortal\Pages\Jobs\JobDetail.cshtml(422,7): error RZ1026: Encountered end tag "div" with no matching start tag.  Are your start/end tags properly balanced? [d:\Semester_8_SP26\PRN232\Project\SmartRecruit\SmartRecruit.WebPortal\SmartRecruit.WebPortal.csproj]
d:\Semester_8_SP26\PRN232\Project\SmartRecruit\SmartRecruit.WebPortal\Middlewares\TokenRefreshMiddleware.cs(122,25): warning CS8767: Nullability of reference types in type of parameter 'value' of 'bool CustomCookieCollection.TryGetValue(string key, out string? value)' doesn't match implicitly implemented member 'bool IRequestCookieCollection.TryGetValue(string key, out string? value)' (possibly because of nullability attributes). [d:\Semester_8_SP26\PRN232\Project\SmartRecruit\SmartRecruit.WebPortal\SmartRecruit.WebPortal.csproj]
d:\Semester_8_SP26\PRN232\Project\SmartRecruit\SmartRecruit.WebPortal\Services\Api\JwtAuthHandler.cs(126,35): warning CS8620: Argument of type 'HttpRequestOptionsKey<object>' cannot be used for parameter 'key' of type 'HttpRequestOptionsKey<object?>' in 'void HttpRequestOptions.Set<object?>(HttpRequestOptionsKey<object?> key, object? value)' due to differences in the nullability of reference types. [d:\Semester_8_SP26\PRN232\Project\SmartRecruit\SmartRecruit.WebPortal\SmartRecruit.WebPortal.csproj]
d:\Semester_8_SP26\PRN232\Project\SmartRecruit\SmartRecruit.WebPortal\Pages\Admin\AdminOversight.cshtml.cs(10,16): warning CS8618: Non-nullable property 'AILogs' must contain a non-null value when exiting constructor. Consider adding the 'required' modifier or declaring the property as nullable. [d:\Semester_8_SP26\PRN232\Project\SmartRecruit\SmartRecruit.WebPortal\SmartRecruit.WebPortal.csproj]
d:\Semester_8_SP26\PRN232\Project\SmartRecruit\SmartRecruit.WebPortal\Pages\Candidate\Dashboard.cshtml.cs(12,16): warning CS8618: Non-nullable property 'CurrentUser' must contain a non-null value when exiting constructor. Consider adding the 'required' modifier or declaring the property as nullable. [d:\Semester_8_SP26\PRN232\Project\SmartRecruit\SmartRecruit.WebPortal\SmartRecruit.WebPortal.csproj]
d:\Semester_8_SP26\PRN232\Project\SmartRecruit\SmartRecruit.WebPortal\Pages\Candidate\SavedJobs.cshtml.cs(34,26): warning CS8629: Nullable value type may be null. [d:\Semester_8_SP26\PRN232\Project\SmartRecruit\SmartRecruit.WebPortal\SmartRecruit.WebPortal.csproj]
d:\Semester_8_SP26\PRN232\Project\SmartRecruit\SmartRecruit.WebPortal\Pages\Candidate\SavedJobs.cshtml.cs(35,28): warning CS8629: Nullable value type may be null. [d:\Semester_8_SP26\PRN232\Project\SmartRecruit\SmartRecruit.WebPortal\SmartRecruit.WebPortal.csproj]
d:\Semester_8_SP26\PRN232\Project\SmartRecruit\SmartRecruit.WebPortal\Pages\Jobs\JobDetail.cshtml(485,42): warning CS8602: Dereference of a possibly null reference. [d:\Semester_8_SP26\PRN232\Project\SmartRecruit\SmartRecruit.WebPortal\SmartRecruit.WebPortal.csproj]
d:\Semester_8_SP26\PRN232\Project\SmartRecruit\SmartRecruit.WebPortal\Pages\Jobs\JobApplications.cshtml.cs(48,28): warning CS8600: Converting null literal or possible null value to non-nullable type. [d:\Semester_8_SP26\PRN232\Project\SmartRecruit\SmartRecruit.WebPortal\SmartRecruit.WebPortal.csproj]
d:\Semester_8_SP26\PRN232\Project\SmartRecruit\SmartRecruit.WebPortal\Pages\Jobs\JobApplications.cshtml.cs(48,28): warning CS8601: Possible null reference assignment. [d:\Semester_8_SP26\PRN232\Project\SmartRecruit\SmartRecruit.WebPortal\SmartRecruit.WebPortal.csproj]
d:\Semester_8_SP26\PRN232\Project\SmartRecruit\SmartRecruit.WebPortal\Pages\Index.cshtml.cs(33,72): warning CS8629: Nullable value type may be null. [d:\Semester_8_SP26\PRN232\Project\SmartRecruit\SmartRecruit.WebPortal\SmartRecruit.WebPortal.csproj]
d:\Semester_8_SP26\PRN232\Project\SmartRecruit\SmartRecruit.WebPortal\Pages\Jobs\JobDetail.cshtml.cs(108,36): warning CS8600: Converting null literal or possible null value to non-nullable type. [d:\Semester_8_SP26\PRN232\Project\SmartRecruit\SmartRecruit.WebPortal\SmartRecruit.WebPortal.csproj]
d:\Semester_8_SP26\PRN232\Project\SmartRecruit\SmartRecruit.WebPortal\Pages\Jobs\JobDetail.cshtml.cs(108,36): warning CS8601: Possible null reference assignment. [d:\Semester_8_SP26\PRN232\Project\SmartRecruit\SmartRecruit.WebPortal\SmartRecruit.WebPortal.csproj]
d:\Semester_8_SP26\PRN232\Project\SmartRecruit\SmartRecruit.WebPortal\Pages\Recruiter\CandidatePreview.cshtml(20,60): warning CS8602: Dereference of a possibly null reference. [d:\Semester_8_SP26\PRN232\Project\SmartRecruit\SmartRecruit.WebPortal\SmartRecruit.WebPortal.csproj]
d:\Semester_8_SP26\PRN232\Project\SmartRecruit\SmartRecruit.WebPortal\Pages\Recruiter\CandidatePreview.cshtml(25,71): warning CS8602: Dereference of a possibly null reference. [d:\Semester_8_SP26\PRN232\Project\SmartRecruit\SmartRecruit.WebPortal\SmartRecruit.WebPortal.csproj]
d:\Semester_8_SP26\PRN232\Project\SmartRecruit\SmartRecruit.WebPortal\Pages\Jobs\JobDetail.cshtml.cs(226,76): warning CS8604: Possible null reference argument for parameter 'job' in 'Task<ApiResponse<Job>> IJobApiService.SaveDraftAsync(string id, Job job)'. [d:\Semester_8_SP26\PRN232\Project\SmartRecruit\SmartRecruit.WebPortal\SmartRecruit.WebPortal.csproj]
d:\Semester_8_SP26\PRN232\Project\SmartRecruit\SmartRecruit.WebPortal\Pages\Jobs\JobApplications.cshtml(31,56): warning CS8602: Dereference of a possibly null reference. [d:\Semester_8_SP26\PRN232\Project\SmartRecruit\SmartRecruit.WebPortal\SmartRecruit.WebPortal.csproj]
d:\Semester_8_SP26\PRN232\Project\SmartRecruit\SmartRecruit.WebPortal\Pages\Jobs\JobApplications.cshtml(89,76): warning CS8602: Dereference of a possibly null reference. [d:\Semester_8_SP26\PRN232\Project\SmartRecruit\SmartRecruit.WebPortal\SmartRecruit.WebPortal.csproj]
d:\Semester_8_SP26\PRN232\Project\SmartRecruit\SmartRecruit.WebPortal\Pages\Account\TransactionList.cshtml(88,57): warning CS8604: Possible null reference argument for parameter 'source' in 'bool Enumerable.Any<Transaction>(IEnumerable<Transaction> source)'. [d:\Semester_8_SP26\PRN232\Project\SmartRecruit\SmartRecruit.WebPortal\SmartRecruit.WebPortal.csproj]

Build FAILED.

d:\Semester_8_SP26\PRN232\Project\SmartRecruit\SmartRecruit.WebPortal\Middlewares\TokenRefreshMiddleware.cs(122,25): warning CS8767: Nullability of reference types in type of parameter 'value' of 'bool CustomCookieCollection.TryGetValue(string key, out string? value)' doesn't match implicitly implemented member 'bool IRequestCookieCollection.TryGetValue(string key, out string? value)' (possibly because of nullability attributes). [d:\Semester_8_SP26\PRN232\Project\SmartRecruit\SmartRecruit.WebPortal\SmartRecruit.WebPortal.csproj]
d:\Semester_8_SP26\PRN232\Project\SmartRecruit\SmartRecruit.WebPortal\Services\Api\JwtAuthHandler.cs(126,35): warning CS8620: Argument of type 'HttpRequestOptionsKey<object>' cannot be used for parameter 'key' of type 'HttpRequestOptionsKey<object?>' in 'void HttpRequestOptions.Set<object?>(HttpRequestOptionsKey<object?> key, object? value)' due to differences in the nullability of reference types. [d:\Semester_8_SP26\PRN232\Project\SmartRecruit\SmartRecruit.WebPortal\SmartRecruit.WebPortal.csproj]
d:\Semester_8_SP26\PRN232\Project\SmartRecruit\SmartRecruit.WebPortal\Pages\Admin\AdminOversight.cshtml.cs(10,16): warning CS8618: Non-nullable property 'AILogs' must contain a non-null value when exiting constructor. Consider adding the 'required' modifier or declaring the property as nullable. [d:\Semester_8_SP26\PRN232\Project\SmartRecruit\SmartRecruit.WebPortal\SmartRecruit.WebPortal.csproj]
d:\Semester_8_SP26\PRN232\Project\SmartRecruit\SmartRecruit.WebPortal\Pages\Candidate\Dashboard.cshtml.cs(12,16): warning CS8618: Non-nullable property 'CurrentUser' must contain a non-null value when exiting constructor. Consider adding the 'required' modifier or declaring the property as nullable. [d:\Semester_8_SP26\PRN232\Project\SmartRecruit\SmartRecruit.WebPortal\SmartRecruit.WebPortal.csproj]
d:\Semester_8_SP26\PRN232\Project\SmartRecruit\SmartRecruit.WebPortal\Pages\Candidate\SavedJobs.cshtml.cs(34,26): warning CS8629: Nullable value type may be null. [d:\Semester_8_SP26\PRN232\Project\SmartRecruit\SmartRecruit.WebPortal\SmartRecruit.WebPortal.csproj]
d:\Semester_8_SP26\PRN232\Project\SmartRecruit\SmartRecruit.WebPortal\Pages\Candidate\SavedJobs.cshtml.cs(35,28): warning CS8629: Nullable value type may be null. [d:\Semester_8_SP26\PRN232\Project\SmartRecruit\SmartRecruit.WebPortal\SmartRecruit.WebPortal.csproj]
d:\Semester_8_SP26\PRN232\Project\SmartRecruit\SmartRecruit.WebPortal\Pages\Jobs\JobDetail.cshtml(485,42): warning CS8602: Dereference of a possibly null reference. [d:\Semester_8_SP26\PRN232\Project\SmartRecruit\SmartRecruit.WebPortal\SmartRecruit.WebPortal.csproj]
d:\Semester_8_SP26\PRN232\Project\SmartRecruit\SmartRecruit.WebPortal\Pages\Jobs\JobApplications.cshtml.cs(48,28): warning CS8600: Converting null literal or possible null value to non-nullable type. [d:\Semester_8_SP26\PRN232\Project\SmartRecruit\SmartRecruit.WebPortal\SmartRecruit.WebPortal.csproj]
d:\Semester_8_SP26\PRN232\Project\SmartRecruit\SmartRecruit.WebPortal\Pages\Jobs\JobApplications.cshtml.cs(48,28): warning CS8601: Possible null reference assignment. [d:\Semester_8_SP26\PRN232\Project\SmartRecruit\SmartRecruit.WebPortal\SmartRecruit.WebPortal.csproj]
d:\Semester_8_SP26\PRN232\Project\SmartRecruit\SmartRecruit.WebPortal\Pages\Index.cshtml.cs(33,72): warning CS8629: Nullable value type may be null. [d:\Semester_8_SP26\PRN232\Project\SmartRecruit\SmartRecruit.WebPortal\SmartRecruit.WebPortal.csproj]
d:\Semester_8_SP26\PRN232\Project\SmartRecruit\SmartRecruit.WebPortal\Pages\Jobs\JobDetail.cshtml.cs(108,36): warning CS8600: Converting null literal or possible null value to non-nullable type. [d:\Semester_8_SP26\PRN232\Project\SmartRecruit\SmartRecruit.WebPortal\SmartRecruit.WebPortal.csproj]
d:\Semester_8_SP26\PRN232\Project\SmartRecruit\SmartRecruit.WebPortal\Pages\Jobs\JobDetail.cshtml.cs(108,36): warning CS8601: Possible null reference assignment. [d:\Semester_8_SP26\PRN232\Project\SmartRecruit\SmartRecruit.WebPortal\SmartRecruit.WebPortal.csproj]
d:\Semester_8_SP26\PRN232\Project\SmartRecruit\SmartRecruit.WebPortal\Pages\Recruiter\CandidatePreview.cshtml(20,60): warning CS8602: Dereference of a possibly null reference. [d:\Semester_8_SP26\PRN232\Project\SmartRecruit\SmartRecruit.WebPortal\SmartRecruit.WebPortal.csproj]
d:\Semester_8_SP26\PRN232\Project\SmartRecruit\SmartRecruit.WebPortal\Pages\Recruiter\CandidatePreview.cshtml(25,71): warning CS8602: Dereference of a possibly null reference. [d:\Semester_8_SP26\PRN232\Project\SmartRecruit\SmartRecruit.WebPortal\SmartRecruit.WebPortal.csproj]
d:\Semester_8_SP26\PRN232\Project\SmartRecruit\SmartRecruit.WebPortal\Pages\Jobs\JobDetail.cshtml.cs(226,76): warning CS8604: Possible null reference argument for parameter 'job' in 'Task<ApiResponse<Job>> IJobApiService.SaveDraftAsync(string id, Job job)'. [d:\Semester_8_SP26\PRN232\Project\SmartRecruit\SmartRecruit.WebPortal\SmartRecruit.WebPortal.csproj]
d:\Semester_8_SP26\PRN232\Project\SmartRecruit\SmartRecruit.WebPortal\Pages\Jobs\JobApplications.cshtml(31,56): warning CS8602: Dereference of a possibly null reference. [d:\Semester_8_SP26\PRN232\Project\SmartRecruit\SmartRecruit.WebPortal\SmartRecruit.WebPortal.csproj]
d:\Semester_8_SP26\PRN232\Project\SmartRecruit\SmartRecruit.WebPortal\Pages\Jobs\JobApplications.cshtml(89,76): warning CS8602: Dereference of a possibly null reference. [d:\Semester_8_SP26\PRN232\Project\SmartRecruit\SmartRecruit.WebPortal\SmartRecruit.WebPortal.csproj]
d:\Semester_8_SP26\PRN232\Project\SmartRecruit\SmartRecruit.WebPortal\Pages\Account\TransactionList.cshtml(88,57): warning CS8604: Possible null reference argument for parameter 'source' in 'bool Enumerable.Any<Transaction>(IEnumerable<Transaction> source)'. [d:\Semester_8_SP26\PRN232\Project\SmartRecruit\SmartRecruit.WebPortal\SmartRecruit.WebPortal.csproj]
d:\Semester_8_SP26\PRN232\Project\SmartRecruit\SmartRecruit.WebPortal\Pages\Jobs\JobDetail.cshtml(14,6): error RZ1025: The "div" element was not closed.  All elements must be either self-closing or have a matching end tag. [d:\Semester_8_SP26\PRN232\Project\SmartRecruit\SmartRecruit.WebPortal\SmartRecruit.WebPortal.csproj]
d:\Semester_8_SP26\PRN232\Project\SmartRecruit\SmartRecruit.WebPortal\Pages\Jobs\JobDetail.cshtml(152,26): error RZ1034: Found a malformed 'form' tag helper. Tag helpers must have a start and end tag or be self closing. [d:\Semester_8_SP26\PRN232\Project\SmartRecruit\SmartRecruit.WebPortal\SmartRecruit.WebPortal.csproj]
d:\Semester_8_SP26\PRN232\Project\SmartRecruit\SmartRecruit.WebPortal\Pages\Jobs\JobDetail.cshtml(230,27): error RZ1034: Found a malformed 'form' tag helper. Tag helpers must have a start and end tag or be self closing. [d:\Semester_8_SP26\PRN232\Project\SmartRecruit\SmartRecruit.WebPortal\SmartRecruit.WebPortal.csproj]
d:\Semester_8_SP26\PRN232\Project\SmartRecruit\SmartRecruit.WebPortal\Pages\Jobs\JobDetail.cshtml(258,15): error RZ1026: Encountered end tag "div" with no matching start tag.  Are your start/end tags properly balanced? [d:\Semester_8_SP26\PRN232\Project\SmartRecruit\SmartRecruit.WebPortal\SmartRecruit.WebPortal.csproj]
d:\Semester_8_SP26\PRN232\Project\SmartRecruit\SmartRecruit.WebPortal\Pages\Jobs\JobDetail.cshtml(421,11): error RZ1026: Encountered end tag "div" with no matching start tag.  Are your start/end tags properly balanced? [d:\Semester_8_SP26\PRN232\Project\SmartRecruit\SmartRecruit.WebPortal\SmartRecruit.WebPortal.csproj]
d:\Semester_8_SP26\PRN232\Project\SmartRecruit\SmartRecruit.WebPortal\Pages\Jobs\JobDetail.cshtml(422,7): error RZ1026: Encountered end tag "div" with no matching start tag.  Are your start/end tags properly balanced? [d:\Semester_8_SP26\PRN232\Project\SmartRecruit\SmartRecruit.WebPortal\SmartRecruit.WebPortal.csproj]
    18 Warning(s)
    6 Error(s)

Time Elapsed 00:00:02.11
